// Jest Snapshot v1, https://goo.gl/fbAQLP

exports[`@components/OverView Displays overview first userÂ´s repos 1`] = `
<div>
  <section>
    <a
      class="title"
      href="https://github.com/YocelinGR/TriviaPreAdmision"
    >
      TriviaPreAdmision
    </a>
     
    <p />
  </section>
</div>
`;
